// Jest Snapshot v1, https://goo.gl/fbAQLP

exports[`AddMovieModal renders AddMovieModal's snapshot 1`] = `
<DocumentFragment>
  <div
    class="sc-AxirZ kYxXGN"
  />
  <div
    class="sc-AxiKw ghPDlE"
  >
    <div>
      <div
        class="sc-AxhUy fSLCtT"
      >
        <span
          class="sc-AxhCb fGYvSv"
        >
          â•³
        </span>
      </div>
      <div
        class="sc-AxheI iMsYLJ"
      >
        <span
          class="sc-AxjAm sc-AxgMl YYvbv"
        >
          add movie
        </span>
        <div
          class="sc-Axmtr eqaOhC"
        >
          <form
            action="#"
          >
            <label
              class="sc-fzqBZW sc-fzqNJr fRGmBX"
              for="title"
            >
              Title
            </label>
            <input
              class="sc-fzozJi sc-fzoLag bfKfQ"
              id="title"
              placeholder="Title"
              type="text"
              value=""
            />
            <label
              class="sc-fzqBZW sc-fzqNJr fRGmBX"
              for="release_date"
            >
              Release Date
            </label>
            <div
              class="sc-fzoXzr ejcWPC"
            >
              <div
                class="react-datepicker-wrapper"
              >
                <div
                  class="react-datepicker__input-container"
                >
                  <input
                    class="sc-fzoLsD eupnYL sc-fzoyAV fnVNcw"
                    placeholder="Select Date"
                    value=""
                  />
                </div>
              </div>
            </div>
            <label
              class="sc-fzqBZW sc-fzqNJr fRGmBX"
              for="poster_path"
            >
              Movie Url
            </label>
            <input
              class="sc-fzozJi sc-fzoLag bfKfQ"
              id="poster_path"
              placeholder="Movie Url here"
              type="text"
              value=""
            />
            <label
              class="sc-fzqBZW sc-fzqNJr fRGmBX"
              for="genres"
            >
              Genre
            </label>
            <div
              class="sc-fzplWN dcwDRX"
            >
              <div>
                <div
                  class="sc-fznKkj crAqQg"
                >
                  <input
                    autocomplete="off"
                    class="sc-fzozJi sc-fznZeY ckxiKz"
                    id="genres"
                    placeholder="Select Genre"
                    readonly=""
                    type="text"
                    value=""
                  />
                  <svg
                    class="sc-fzokOt gafkUS"
                    fill="#F65261"
                    height="24"
                    viewBox="0 0 24 24"
                    width="24"
                    xmlns="http://www.w3.org/2000/svg"
                  >
                    <path
                      d="M7 10l5 5 5-5z"
                    />
                    <path
                      d="M0 0h24v24H0z"
                      fill="none"
                    />
                  </svg>
                </div>
              </div>
            </div>
            <label
              class="sc-fzqBZW sc-fzqNJr fRGmBX"
              for="overview"
            >
              Overview
            </label>
            <input
              class="sc-fzozJi sc-fzoLag bfKfQ"
              id="overview"
              placeholder="Overview here"
              type="text"
              value=""
            />
            <label
              class="sc-fzqBZW sc-fzqNJr fRGmBX"
              for="runtime"
            >
              Runtime
            </label>
            <input
              class="sc-fzozJi sc-fzoLag bfKfQ"
              id="runtime"
              placeholder="Runtime here"
              type="number"
              value=""
            />
            <label
              class="sc-fzqBZW sc-fzqNJr fRGmBX"
              for="tagline"
            >
              Tagline
            </label>
            <input
              class="sc-fzozJi sc-fzoLag bfKfQ"
              id="tagline"
              placeholder="Tagline here"
              type="text"
              value=""
            />
            <div
              class="sc-fznxsB cGbnwj"
            >
              <button
                class="sc-AxmLO sc-fznJRM eTUyfJ"
                type="reset"
              >
                Reset
              </button>
              <button
                class="sc-AxmLO sc-fznJRM bLGorp"
                type="submit"
              >
                Submit
              </button>
            </div>
          </form>
        </div>
      </div>
    </div>
  </div>
</DocumentFragment>
`;
